{
  "Entries": [
    {
      "RequestUri": "/subscriptions/3cfb1b34-e5a9-4f98-bf9c-e4d69a6b170c/providers/microsoft.network?api-version=2015-11-01",
      "EncodedRequestUri": "L3N1YnNjcmlwdGlvbnMvM2NmYjFiMzQtZTVhOS00Zjk4LWJmOWMtZTRkNjlhNmIxNzBjL3Byb3ZpZGVycy9taWNyb3NvZnQubmV0d29yaz9hcGktdmVyc2lvbj0yMDE1LTExLTAx",
      "RequestMethod": "GET",
      "RequestBody": "",
      "RequestHeaders": {
        "x-ms-client-request-id": [
          "e6005dcc-6d0e-407c-bb9e-c73082b56f95"
        ],
        "accept-language": [
          "en-US"
        ],
        "User-Agent": [
          "Microsoft.Azure.Management.Resources.ResourceManagementClient/1.0.0.0"
        ]
      },
      "ResponseBody": "{\r\n  \"id\": \"/subscriptions/3cfb1b34-e5a9-4f98-bf9c-e4d69a6b170c/providers/microsoft.network\",\r\n  \"namespace\": \"microsoft.network\",\r\n  \"authorization\": {\r\n    \"applicationId\": \"2cf9eb86-36b5-49dc-86ae-9a63135dfa8c\",\r\n    \"roleDefinitionId\": \"13ba9ab4-19f0-4804-adc4-14ece36cc7a1\"\r\n  },\r\n  \"resourceTypes\": [\r\n    {\r\n      \"resourceType\": \"trafficmanagerprofiles\",\r\n      \"locations\": [\r\n        \"global\"\r\n      ],\r\n      \"apiVersions\": [\r\n        \"2015-11-01\",\r\n        \"2015-04-28-preview\"\r\n      ],\r\n      \"capabilities\": \"CrossResourceGroupResourceMove, CrossSubscriptionResourceMove\"\r\n    },\r\n    {\r\n      \"resourceType\": \"dnszones\",\r\n      \"locations\": [\r\n        \"global\"\r\n      ],\r\n      \"apiVersions\": [\r\n        \"2016-04-01\",\r\n        \"2015-05-04-preview\"\r\n      ],\r\n      \"capabilities\": \"CrossResourceGroupResourceMove, CrossSubscriptionResourceMove\"\r\n    },\r\n    {\r\n      \"resourceType\": \"dnsOperationResults\",\r\n      \"locations\": [\r\n        \"global\"\r\n      ],\r\n      \"apiVersions\": [\r\n        \"2016-04-01\"\r\n      ]\r\n    },\r\n    {\r\n      \"resourceType\": \"dnsOperationStatuses\",\r\n      \"locations\": [\r\n        \"global\"\r\n      ],\r\n      \"apiVersions\": [\r\n        \"2016-04-01\"\r\n      ]\r\n    },\r\n    {\r\n      \"resourceType\": \"dnszones/A\",\r\n      \"locations\": [\r\n        \"global\"\r\n      ],\r\n      \"apiVersions\": [\r\n        \"2016-04-01\",\r\n        \"2015-05-04-preview\"\r\n      ]\r\n    },\r\n    {\r\n      \"resourceType\": \"dnszones/AAAA\",\r\n      \"locations\": [\r\n        \"global\"\r\n      ],\r\n      \"apiVersions\": [\r\n        \"2016-04-01\",\r\n        \"2015-05-04-preview\"\r\n      ]\r\n    },\r\n    {\r\n      \"resourceType\": \"dnszones/CNAME\",\r\n      \"locations\": [\r\n        \"global\"\r\n      ],\r\n      \"apiVersions\": [\r\n        \"2016-04-01\",\r\n        \"2015-05-04-preview\"\r\n      ]\r\n    },\r\n    {\r\n      \"resourceType\": \"dnszones/PTR\",\r\n      \"locations\": [\r\n        \"global\"\r\n      ],\r\n      \"apiVersions\": [\r\n        \"2016-04-01\",\r\n        \"2015-05-04-preview\"\r\n      ]\r\n    },\r\n    {\r\n      \"resourceType\": \"dnszones/MX\",\r\n      \"locations\": [\r\n        \"global\"\r\n      ],\r\n      \"apiVersions\": [\r\n        \"2016-04-01\",\r\n        \"2015-05-04-preview\"\r\n      ]\r\n    },\r\n    {\r\n      \"resourceType\": \"dnszones/TXT\",\r\n      \"locations\": [\r\n        \"global\"\r\n      ],\r\n      \"apiVersions\": [\r\n        \"2016-04-01\",\r\n        \"2015-05-04-preview\"\r\n      ]\r\n    },\r\n    {\r\n      \"resourceType\": \"dnszones/SRV\",\r\n      \"locations\": [\r\n        \"global\"\r\n      ],\r\n      \"apiVersions\": [\r\n        \"2016-04-01\",\r\n        \"2015-05-04-preview\",\r\n        \"2015-04-01\"\r\n      ]\r\n    },\r\n    {\r\n      \"resourceType\": \"virtualNetworks\",\r\n      \"locations\": [\r\n        \"West Europe\",\r\n        \"Central US\",\r\n        \"West US\",\r\n        \"East US\",\r\n        \"North Central US\",\r\n        \"South Central US\",\r\n        \"East US 2\",\r\n        \"North Europe\"\r\n      ],\r\n      \"apiVersions\": [\r\n        \"2016-06-01\",\r\n        \"2016-03-30\",\r\n        \"2015-06-15\",\r\n        \"2015-05-01-preview\",\r\n        \"2014-12-01-preview\"\r\n      ],\r\n      \"capabilities\": \"CrossResourceGroupResourceMove, CrossSubscriptionResourceMove\"\r\n    },\r\n    {\r\n      \"resourceType\": \"publicIPAddresses\",\r\n      \"locations\": [\r\n        \"West Europe\",\r\n        \"Central US\",\r\n        \"West US\",\r\n        \"East US\",\r\n        \"North Central US\",\r\n        \"South Central US\",\r\n        \"East US 2\",\r\n        \"North Europe\"\r\n      ],\r\n      \"apiVersions\": [\r\n        \"2016-06-01\",\r\n        \"2016-03-30\",\r\n        \"2015-06-15\",\r\n        \"2015-05-01-preview\",\r\n        \"2014-12-01-preview\"\r\n      ],\r\n      \"capabilities\": \"CrossResourceGroupResourceMove, CrossSubscriptionResourceMove\"\r\n    },\r\n    {\r\n      \"resourceType\": \"networkInterfaces\",\r\n      \"locations\": [\r\n        \"West Europe\",\r\n        \"Central US\",\r\n        \"West US\",\r\n        \"East US\",\r\n        \"North Central US\",\r\n        \"South Central US\",\r\n        \"East US 2\",\r\n        \"North Europe\"\r\n      ],\r\n      \"apiVersions\": [\r\n        \"2016-06-01\",\r\n        \"2016-03-30\",\r\n        \"2015-06-15\",\r\n        \"2015-05-01-preview\",\r\n        \"2014-12-01-preview\"\r\n      ],\r\n      \"capabilities\": \"CrossResourceGroupResourceMove, CrossSubscriptionResourceMove\"\r\n    },\r\n    {\r\n      \"resourceType\": \"loadBalancers\",\r\n      \"locations\": [\r\n        \"West Europe\",\r\n        \"Central US\",\r\n        \"West US\",\r\n        \"East US\",\r\n        \"North Central US\",\r\n        \"South Central US\",\r\n        \"East US 2\",\r\n        \"North Europe\"\r\n      ],\r\n      \"apiVersions\": [\r\n        \"2016-06-01\",\r\n        \"2016-03-30\",\r\n        \"2015-06-15\",\r\n        \"2015-05-01-preview\",\r\n        \"2014-12-01-preview\"\r\n      ],\r\n      \"capabilities\": \"CrossResourceGroupResourceMove, CrossSubscriptionResourceMove\"\r\n    },\r\n    {\r\n      \"resourceType\": \"networkSecurityGroups\",\r\n      \"locations\": [\r\n        \"West Europe\",\r\n        \"Central US\",\r\n        \"West US\",\r\n        \"East US\",\r\n        \"North Central US\",\r\n        \"South Central US\",\r\n        \"East US 2\",\r\n        \"North Europe\"\r\n      ],\r\n      \"apiVersions\": [\r\n        \"2016-06-01\",\r\n        \"2016-03-30\",\r\n        \"2015-06-15\",\r\n        \"2015-05-01-preview\",\r\n        \"2014-12-01-preview\"\r\n      ],\r\n      \"capabilities\": \"CrossResourceGroupResourceMove, CrossSubscriptionResourceMove\"\r\n    },\r\n    {\r\n      \"resourceType\": \"routeTables\",\r\n      \"locations\": [\r\n        \"West Europe\",\r\n        \"Central US\",\r\n        \"West US\",\r\n        \"East US\",\r\n        \"North Central US\",\r\n        \"South Central US\",\r\n        \"East US 2\",\r\n        \"North Europe\"\r\n      ],\r\n      \"apiVersions\": [\r\n        \"2016-06-01\",\r\n        \"2016-03-30\",\r\n        \"2015-06-15\",\r\n        \"2015-05-01-preview\",\r\n        \"2014-12-01-preview\"\r\n      ],\r\n      \"capabilities\": \"CrossResourceGroupResourceMove, CrossSubscriptionResourceMove\"\r\n    },\r\n    {\r\n      \"resourceType\": \"locations\",\r\n      \"locations\": [],\r\n      \"apiVersions\": [\r\n        \"2016-06-01\",\r\n        \"2016-03-30\",\r\n        \"2015-06-15\",\r\n        \"2015-05-01-preview\",\r\n        \"2014-12-01-preview\"\r\n      ]\r\n    },\r\n    {\r\n      \"resourceType\": \"locations/operations\",\r\n      \"locations\": [],\r\n      \"apiVersions\": [\r\n        \"2016-06-01\",\r\n        \"2016-03-30\",\r\n        \"2015-06-15\",\r\n        \"2015-05-01-preview\",\r\n        \"2014-12-01-preview\"\r\n      ]\r\n    },\r\n    {\r\n      \"resourceType\": \"locations/operationResults\",\r\n      \"locations\": [],\r\n      \"apiVersions\": [\r\n        \"2016-06-01\",\r\n        \"2016-03-30\",\r\n        \"2015-06-15\",\r\n        \"2015-05-01-preview\",\r\n        \"2014-12-01-preview\"\r\n      ]\r\n    },\r\n    {\r\n      \"resourceType\": \"locations/CheckDnsNameAvailability\",\r\n      \"locations\": [\r\n        \"West Europe\",\r\n        \"Central US\",\r\n        \"West US\",\r\n        \"East US\",\r\n        \"North Central US\",\r\n        \"South Central US\",\r\n        \"East US 2\",\r\n        \"North Europe\"\r\n      ],\r\n      \"apiVersions\": [\r\n        \"2016-06-01\",\r\n        \"2016-03-30\",\r\n        \"2015-06-15\",\r\n        \"2015-05-01-preview\",\r\n        \"2014-12-01-preview\"\r\n      ]\r\n    },\r\n    {\r\n      \"resourceType\": \"locations/usages\",\r\n      \"locations\": [\r\n        \"West Europe\",\r\n        \"Central US\",\r\n        \"West US\",\r\n        \"East US\",\r\n        \"North Central US\",\r\n        \"South Central US\",\r\n        \"East US 2\",\r\n        \"North Europe\"\r\n      ],\r\n      \"apiVersions\": [\r\n        \"2016-06-01\",\r\n        \"2016-03-30\",\r\n        \"2015-06-15\",\r\n        \"2015-05-01-preview\",\r\n        \"2014-12-01-preview\"\r\n      ]\r\n    },\r\n    {\r\n      \"resourceType\": \"operations\",\r\n      \"locations\": [],\r\n      \"apiVersions\": [\r\n        \"2016-06-01\",\r\n        \"2016-03-30\",\r\n        \"2015-06-15\",\r\n        \"2015-05-01-preview\",\r\n        \"2014-12-01-preview\"\r\n      ]\r\n    },\r\n    {\r\n      \"resourceType\": \"checkTrafficManagerNameAvailability\",\r\n      \"locations\": [\r\n        \"global\"\r\n      ],\r\n      \"apiVersions\": [\r\n        \"2015-11-01\",\r\n        \"2015-04-28-preview\"\r\n      ]\r\n    },\r\n    {\r\n      \"resourceType\": \"virtualNetworkGateways\",\r\n      \"locations\": [\r\n        \"West Europe\",\r\n        \"Central US\",\r\n        \"West US\",\r\n        \"East US\",\r\n        \"North Central US\",\r\n        \"South Central US\",\r\n        \"East US 2\",\r\n        \"North Europe\"\r\n      ],\r\n      \"apiVersions\": [\r\n        \"2016-06-01\",\r\n        \"2016-03-30\",\r\n        \"2015-06-15\",\r\n        \"2015-05-01-preview\",\r\n        \"2014-12-01-preview\"\r\n      ],\r\n      \"capabilities\": \"None\"\r\n    },\r\n    {\r\n      \"resourceType\": \"localNetworkGateways\",\r\n      \"locations\": [\r\n        \"West Europe\",\r\n        \"Central US\",\r\n        \"West US\",\r\n        \"East US\",\r\n        \"North Central US\",\r\n        \"South Central US\",\r\n        \"East US 2\",\r\n        \"North Europe\"\r\n      ],\r\n      \"apiVersions\": [\r\n        \"2016-06-01\",\r\n        \"2016-03-30\",\r\n        \"2015-06-15\",\r\n        \"2015-05-01-preview\",\r\n        \"2014-12-01-preview\"\r\n      ],\r\n      \"capabilities\": \"None\"\r\n    },\r\n    {\r\n      \"resourceType\": \"connections\",\r\n      \"locations\": [\r\n        \"West Europe\",\r\n        \"Central US\",\r\n        \"West US\",\r\n        \"East US\",\r\n        \"North Central US\",\r\n        \"South Central US\",\r\n        \"East US 2\",\r\n        \"North Europe\"\r\n      ],\r\n      \"apiVersions\": [\r\n        \"2016-06-01\",\r\n        \"2016-03-30\",\r\n        \"2015-06-15\",\r\n        \"2015-05-01-preview\",\r\n        \"2014-12-01-preview\"\r\n      ],\r\n      \"capabilities\": \"None\"\r\n    },\r\n    {\r\n      \"resourceType\": \"applicationGateways\",\r\n      \"locations\": [\r\n        \"West Europe\",\r\n        \"Central US\",\r\n        \"West US\",\r\n        \"East US\",\r\n        \"North Central US\",\r\n        \"South Central US\",\r\n        \"East US 2\",\r\n        \"North Europe\"\r\n      ],\r\n      \"apiVersions\": [\r\n        \"2016-06-01\",\r\n        \"2016-03-30\",\r\n        \"2015-06-15\",\r\n        \"2015-05-01-preview\",\r\n        \"2014-12-01-preview\"\r\n      ],\r\n      \"capabilities\": \"None\"\r\n    },\r\n    {\r\n      \"resourceType\": \"expressRouteCircuits\",\r\n      \"locations\": [\r\n        \"West Europe\",\r\n        \"Central US\",\r\n        \"West US\",\r\n        \"East US\",\r\n        \"North Central US\",\r\n        \"South Central US\",\r\n        \"East US 2\",\r\n        \"North Europe\"\r\n      ],\r\n      \"apiVersions\": [\r\n        \"2016-06-01\",\r\n        \"2016-03-30\",\r\n        \"2015-06-15\",\r\n        \"2015-05-01-preview\",\r\n        \"2014-12-01-preview\"\r\n      ],\r\n      \"capabilities\": \"None\"\r\n    },\r\n    {\r\n      \"resourceType\": \"expressRouteServiceProviders\",\r\n      \"locations\": [],\r\n      \"apiVersions\": [\r\n        \"2016-06-01\",\r\n        \"2016-03-30\",\r\n        \"2015-06-15\",\r\n        \"2015-05-01-preview\",\r\n        \"2014-12-01-preview\"\r\n      ]\r\n    }\r\n  ],\r\n  \"registrationState\": \"Registered\"\r\n}",
      "ResponseHeaders": {
        "Content-Type": [
          "application/json; charset=utf-8"
        ],
        "Expires": [
          "-1"
        ],
        "Cache-Control": [
          "no-cache"
        ],
        "Date": [
          "Wed, 18 May 2016 23:25:48 GMT"
        ],
        "Pragma": [
          "no-cache"
        ],
        "Vary": [
          "Accept-Encoding"
        ],
        "x-ms-ratelimit-remaining-subscription-reads": [
          "14988"
        ],
        "x-ms-request-id": [
          "6e1c9980-c8be-416a-8d8f-9e5b6a96019d"
        ],
        "x-ms-correlation-request-id": [
          "6e1c9980-c8be-416a-8d8f-9e5b6a96019d"
        ],
        "x-ms-routing-request-id": [
          "NORTHEUROPE:20160518T232549Z:6e1c9980-c8be-416a-8d8f-9e5b6a96019d"
        ],
        "Strict-Transport-Security": [
          "max-age=31536000; includeSubDomains"
        ]
      },
      "StatusCode": 200
    },
    {
      "RequestUri": "/subscriptions/3cfb1b34-e5a9-4f98-bf9c-e4d69a6b170c/resourcegroups/hydratestdnsrg5981?api-version=2015-11-01",
      "EncodedRequestUri": "L3N1YnNjcmlwdGlvbnMvM2NmYjFiMzQtZTVhOS00Zjk4LWJmOWMtZTRkNjlhNmIxNzBjL3Jlc291cmNlZ3JvdXBzL2h5ZHJhdGVzdGRuc3JnNTk4MT9hcGktdmVyc2lvbj0yMDE1LTExLTAx",
      "RequestMethod": "PUT",
      "RequestBody": "{\r\n  \"location\": \"Central US\"\r\n}",
      "RequestHeaders": {
        "Content-Type": [
          "application/json; charset=utf-8"
        ],
        "Content-Length": [
          "32"
        ],
        "x-ms-client-request-id": [
          "9215bb2f-cdf2-47c3-8f84-14a90a1369c3"
        ],
        "accept-language": [
          "en-US"
        ],
        "User-Agent": [
          "Microsoft.Azure.Management.Resources.ResourceManagementClient/1.0.0.0"
        ]
      },
      "ResponseBody": "{\r\n  \"id\": \"/subscriptions/3cfb1b34-e5a9-4f98-bf9c-e4d69a6b170c/resourceGroups/hydratestdnsrg5981\",\r\n  \"name\": \"hydratestdnsrg5981\",\r\n  \"location\": \"centralus\",\r\n  \"properties\": {\r\n    \"provisioningState\": \"Succeeded\"\r\n  }\r\n}",
      "ResponseHeaders": {
        "Content-Length": [
          "192"
        ],
        "Content-Type": [
          "application/json; charset=utf-8"
        ],
        "Expires": [
          "-1"
        ],
        "Cache-Control": [
          "no-cache"
        ],
        "Date": [
          "Wed, 18 May 2016 23:25:50 GMT"
        ],
        "Pragma": [
          "no-cache"
        ],
        "x-ms-ratelimit-remaining-subscription-writes": [
          "1180"
        ],
        "x-ms-request-id": [
          "e6fa1318-7ab9-4efb-9a3c-b55a14d63fe6"
        ],
        "x-ms-correlation-request-id": [
          "e6fa1318-7ab9-4efb-9a3c-b55a14d63fe6"
        ],
        "x-ms-routing-request-id": [
          "NORTHEUROPE:20160518T232550Z:e6fa1318-7ab9-4efb-9a3c-b55a14d63fe6"
        ],
        "Strict-Transport-Security": [
          "max-age=31536000; includeSubDomains"
        ]
      },
      "StatusCode": 201
    },
    {
      "RequestUri": "/subscriptions/3cfb1b34-e5a9-4f98-bf9c-e4d69a6b170c/resourceGroups/hydratestdnsrg5981/providers/Microsoft.Network/dnszones/hydratestdnszone.com7933?api-version=2016-04-01",
      "EncodedRequestUri": "L3N1YnNjcmlwdGlvbnMvM2NmYjFiMzQtZTVhOS00Zjk4LWJmOWMtZTRkNjlhNmIxNzBjL3Jlc291cmNlR3JvdXBzL2h5ZHJhdGVzdGRuc3JnNTk4MS9wcm92aWRlcnMvTWljcm9zb2Z0Lk5ldHdvcmsvZG5zem9uZXMvaHlkcmF0ZXN0ZG5zem9uZS5jb203OTMzP2FwaS12ZXJzaW9uPTIwMTYtMDQtMDE=",
      "RequestMethod": "PUT",
      "RequestBody": "{\r\n  \"location\": \"global\"\r\n}",
      "RequestHeaders": {
        "Content-Type": [
          "application/json; charset=utf-8"
        ],
        "Content-Length": [
          "28"
        ],
        "x-ms-client-request-id": [
          "d4e0a43e-f577-483c-a292-cdf796c6e0c6"
        ],
        "accept-language": [
          "en-US"
        ],
        "User-Agent": [
          "Microsoft.Azure.Management.Dns.DnsManagementClient/1.7.0.0"
        ]
      },
      "ResponseBody": "{\r\n  \"id\": \"/subscriptions/3cfb1b34-e5a9-4f98-bf9c-e4d69a6b170c/resourceGroups/hydratestdnsrg5981/providers/Microsoft.Network/dnszones/hydratestdnszone.com7933\",\r\n  \"name\": \"hydratestdnszone.com7933\",\r\n  \"type\": \"Microsoft.Network/dnszones\",\r\n  \"etag\": \"00000002-0000-0000-b5d0-5c9e5cb1d101\",\r\n  \"location\": \"global\",\r\n  \"tags\": {},\r\n  \"properties\": {\r\n    \"maxNumberOfRecordSets\": 10000,\r\n    \"nameServers\": [\r\n      \"ns1-04.daily.azure-dns.com.\",\r\n      \"ns2-04.daily.azure-dns.net.\",\r\n      \"ns3-04.daily.azure-dns.org.\",\r\n      \"ns4-04.daily.azure-dns.info.\"\r\n    ],\r\n    \"numberOfRecordSets\": 2\r\n  }\r\n}",
      "ResponseHeaders": {
        "Content-Length": [
          "516"
        ],
        "Content-Type": [
          "application/json; charset=utf-8"
        ],
        "Cache-Control": [
          "private"
        ],
        "Date": [
          "Wed, 18 May 2016 23:25:52 GMT"
        ],
        "ETag": [
          "00000002-0000-0000-b5d0-5c9e5cb1d101"
        ],
        "Server": [
          "Microsoft-IIS/8.5"
        ],
        "X-Content-Type-Options": [
          "nosniff"
        ],
        "Strict-Transport-Security": [
          "max-age=31536000; includeSubDomains"
        ],
        "x-ms-request-id": [
          "d4e0a43e-f577-483c-a292-cdf796c6e0c6"
        ],
        "X-AspNet-Version": [
          "4.0.30319"
        ],
        "X-Powered-By": [
          "ASP.NET"
        ],
        "x-ms-ratelimit-remaining-subscription-resource-requests": [
          "11983"
        ],
        "x-ms-correlation-request-id": [
          "f47e2bb0-1a7b-4187-9419-27900a20268d"
        ],
        "x-ms-routing-request-id": [
          "NORTHEUROPE:20160518T232552Z:f47e2bb0-1a7b-4187-9419-27900a20268d"
        ]
      },
      "StatusCode": 201
    },
    {
      "RequestUri": "/subscriptions/3cfb1b34-e5a9-4f98-bf9c-e4d69a6b170c/resourceGroups/hydratestdnsrg5981/providers/Microsoft.Network/dnszones/hydratestdnszone.com7933/SOA/@?api-version=2016-04-01",
      "EncodedRequestUri": "L3N1YnNjcmlwdGlvbnMvM2NmYjFiMzQtZTVhOS00Zjk4LWJmOWMtZTRkNjlhNmIxNzBjL3Jlc291cmNlR3JvdXBzL2h5ZHJhdGVzdGRuc3JnNTk4MS9wcm92aWRlcnMvTWljcm9zb2Z0Lk5ldHdvcmsvZG5zem9uZXMvaHlkcmF0ZXN0ZG5zem9uZS5jb203OTMzL1NPQS9AP2FwaS12ZXJzaW9uPTIwMTYtMDQtMDE=",
      "RequestMethod": "GET",
      "RequestBody": "",
      "RequestHeaders": {
        "x-ms-client-request-id": [
          "236b8459-142f-461e-8f7d-4f277ed35aa4"
        ],
        "accept-language": [
          "en-US"
        ],
        "User-Agent": [
          "Microsoft.Azure.Management.Dns.DnsManagementClient/1.7.0.0"
        ]
      },
      "ResponseBody": "{\r\n  \"id\": \"/subscriptions/3cfb1b34-e5a9-4f98-bf9c-e4d69a6b170c/resourceGroups/hydratestdnsrg5981/providers/Microsoft.Network/dnszones/hydratestdnszone.com7933/SOA/@\",\r\n  \"name\": \"@\",\r\n  \"type\": \"Microsoft.Network/dnszones/SOA\",\r\n  \"etag\": \"ed2e06f7-28e3-446c-b1e7-687a2de24907\",\r\n  \"location\": \"global\",\r\n  \"properties\": {\r\n    \"metadata\": null,\r\n    \"fqdn\": \"hydratestdnszone.com7933.\",\r\n    \"TTL\": 3600,\r\n    \"SOARecord\": {\r\n      \"email\": \"azuredns-hostmaster.microsoft.com\",\r\n      \"expireTime\": 2419200,\r\n      \"host\": \"ns1-04.daily.azure-dns.com.\",\r\n      \"minimumTTL\": 300,\r\n      \"refreshTime\": 3600,\r\n      \"retryTime\": 300,\r\n      \"serialNumber\": 1\r\n    }\r\n  }\r\n}",
      "ResponseHeaders": {
        "Content-Type": [
          "application/json; charset=utf-8"
        ],
        "Cache-Control": [
          "private"
        ],
        "Date": [
          "Wed, 18 May 2016 23:25:52 GMT"
        ],
        "Transfer-Encoding": [
          "chunked"
        ],
        "ETag": [
          "ed2e06f7-28e3-446c-b1e7-687a2de24907"
        ],
        "Server": [
          "Microsoft-IIS/8.5"
        ],
        "Vary": [
          "Accept-Encoding"
        ],
        "X-Content-Type-Options": [
          "nosniff"
        ],
        "Strict-Transport-Security": [
          "max-age=31536000; includeSubDomains"
        ],
        "x-ms-request-id": [
          "236b8459-142f-461e-8f7d-4f277ed35aa4"
        ],
        "X-AspNet-Version": [
          "4.0.30319"
        ],
        "X-Powered-By": [
          "ASP.NET"
        ],
        "x-ms-ratelimit-remaining-subscription-reads": [
          "14990"
        ],
        "x-ms-correlation-request-id": [
          "4ebdee94-d65c-4787-9a43-75759e8c490e"
        ],
        "x-ms-routing-request-id": [
          "NORTHEUROPE:20160518T232553Z:4ebdee94-d65c-4787-9a43-75759e8c490e"
        ]
      },
      "StatusCode": 200
    },
    {
      "RequestUri": "/subscriptions/3cfb1b34-e5a9-4f98-bf9c-e4d69a6b170c/resourceGroups/hydratestdnsrg5981/providers/Microsoft.Network/dnszones/hydratestdnszone.com7933/SOA/@?api-version=2016-04-01",
      "EncodedRequestUri": "L3N1YnNjcmlwdGlvbnMvM2NmYjFiMzQtZTVhOS00Zjk4LWJmOWMtZTRkNjlhNmIxNzBjL3Jlc291cmNlR3JvdXBzL2h5ZHJhdGVzdGRuc3JnNTk4MS9wcm92aWRlcnMvTWljcm9zb2Z0Lk5ldHdvcmsvZG5zem9uZXMvaHlkcmF0ZXN0ZG5zem9uZS5jb203OTMzL1NPQS9AP2FwaS12ZXJzaW9uPTIwMTYtMDQtMDE=",
      "RequestMethod": "GET",
      "RequestBody": "",
      "RequestHeaders": {
        "x-ms-client-request-id": [
          "c50f27de-679d-46d2-b81a-83b637f6a5b6"
        ],
        "accept-language": [
          "en-US"
        ],
        "User-Agent": [
          "Microsoft.Azure.Management.Dns.DnsManagementClient/1.7.0.0"
        ]
      },
      "ResponseBody": "{\r\n  \"id\": \"/subscriptions/3cfb1b34-e5a9-4f98-bf9c-e4d69a6b170c/resourceGroups/hydratestdnsrg5981/providers/Microsoft.Network/dnszones/hydratestdnszone.com7933/SOA/@\",\r\n  \"name\": \"@\",\r\n  \"type\": \"Microsoft.Network/dnszones/SOA\",\r\n  \"etag\": \"78eedfdf-75a5-4a4f-bb6b-3ccfe9a4191b\",\r\n  \"location\": \"global\",\r\n  \"properties\": {\r\n    \"metadata\": null,\r\n    \"fqdn\": \"hydratestdnszone.com7933.\",\r\n    \"TTL\": 3600,\r\n    \"SOARecord\": {\r\n      \"email\": \"azuredns-hostmaster.microsoft.com\",\r\n      \"expireTime\": 123,\r\n      \"host\": \"ns1-04.daily.azure-dns.com.\",\r\n      \"minimumTTL\": 1234,\r\n      \"refreshTime\": 12345,\r\n      \"retryTime\": 123456,\r\n      \"serialNumber\": 1\r\n    }\r\n  }\r\n}",
      "ResponseHeaders": {
        "Content-Type": [
          "application/json; charset=utf-8"
        ],
        "Cache-Control": [
          "private"
        ],
        "Date": [
          "Wed, 18 May 2016 23:25:53 GMT"
        ],
        "Transfer-Encoding": [
          "chunked"
        ],
        "ETag": [
          "78eedfdf-75a5-4a4f-bb6b-3ccfe9a4191b"
        ],
        "Server": [
          "Microsoft-IIS/8.5"
        ],
        "Vary": [
          "Accept-Encoding"
        ],
        "X-Content-Type-Options": [
          "nosniff"
        ],
        "Strict-Transport-Security": [
          "max-age=31536000; includeSubDomains"
        ],
        "x-ms-request-id": [
          "c50f27de-679d-46d2-b81a-83b637f6a5b6"
        ],
        "X-AspNet-Version": [
          "4.0.30319"
        ],
        "X-Powered-By": [
          "ASP.NET"
        ],
        "x-ms-ratelimit-remaining-subscription-reads": [
          "14989"
        ],
        "x-ms-correlation-request-id": [
          "93a104b7-6285-426c-b737-af23cfd7872d"
        ],
        "x-ms-routing-request-id": [
          "NORTHEUROPE:20160518T232554Z:93a104b7-6285-426c-b737-af23cfd7872d"
        ]
      },
      "StatusCode": 200
    },
    {
      "RequestUri": "/subscriptions/3cfb1b34-e5a9-4f98-bf9c-e4d69a6b170c/resourceGroups/hydratestdnsrg5981/providers/Microsoft.Network/dnszones/hydratestdnszone.com7933/SOA/@?api-version=2016-04-01",
      "EncodedRequestUri": "L3N1YnNjcmlwdGlvbnMvM2NmYjFiMzQtZTVhOS00Zjk4LWJmOWMtZTRkNjlhNmIxNzBjL3Jlc291cmNlR3JvdXBzL2h5ZHJhdGVzdGRuc3JnNTk4MS9wcm92aWRlcnMvTWljcm9zb2Z0Lk5ldHdvcmsvZG5zem9uZXMvaHlkcmF0ZXN0ZG5zem9uZS5jb203OTMzL1NPQS9AP2FwaS12ZXJzaW9uPTIwMTYtMDQtMDE=",
      "RequestMethod": "PUT",
      "RequestBody": "{\r\n  \"id\": \"/subscriptions/3cfb1b34-e5a9-4f98-bf9c-e4d69a6b170c/resourceGroups/hydratestdnsrg5981/providers/Microsoft.Network/dnszones/hydratestdnszone.com7933/SOA/@\",\r\n  \"name\": \"@\",\r\n  \"type\": \"Microsoft.Network/dnszones/SOA\",\r\n  \"etag\": \"ed2e06f7-28e3-446c-b1e7-687a2de24907\",\r\n  \"location\": \"global\",\r\n  \"properties\": {\r\n    \"TTL\": 3600,\r\n    \"SOARecord\": {\r\n      \"host\": \"ns1-04.daily.azure-dns.com.\",\r\n      \"email\": \"azuredns-hostmaster.microsoft.com\",\r\n      \"serialNumber\": 1,\r\n      \"refreshTime\": 12345,\r\n      \"retryTime\": 123456,\r\n      \"expireTime\": 123,\r\n      \"minimumTTL\": 1234\r\n    }\r\n  }\r\n}",
      "RequestHeaders": {
        "Content-Type": [
          "application/json; charset=utf-8"
        ],
        "Content-Length": [
          "610"
        ],
        "x-ms-client-request-id": [
          "6f7e1d98-0696-4703-9e6d-1b2b9364fb22"
        ],
        "accept-language": [
          "en-US"
        ],
        "User-Agent": [
          "Microsoft.Azure.Management.Dns.DnsManagementClient/1.7.0.0"
        ]
      },
      "ResponseBody": "{\r\n  \"id\": \"/subscriptions/3cfb1b34-e5a9-4f98-bf9c-e4d69a6b170c/resourceGroups/hydratestdnsrg5981/providers/Microsoft.Network/dnszones/hydratestdnszone.com7933/SOA/@\",\r\n  \"name\": \"@\",\r\n  \"type\": \"Microsoft.Network/dnszones/SOA\",\r\n  \"etag\": \"78eedfdf-75a5-4a4f-bb6b-3ccfe9a4191b\",\r\n  \"location\": \"global\",\r\n  \"properties\": {\r\n    \"metadata\": null,\r\n    \"fqdn\": \"hydratestdnszone.com7933.\",\r\n    \"TTL\": 3600,\r\n    \"SOARecord\": {\r\n      \"email\": \"azuredns-hostmaster.microsoft.com\",\r\n      \"expireTime\": 123,\r\n      \"host\": \"ns1-04.daily.azure-dns.com.\",\r\n      \"minimumTTL\": 1234,\r\n      \"refreshTime\": 12345,\r\n      \"retryTime\": 123456,\r\n      \"serialNumber\": 1\r\n    }\r\n  }\r\n}",
      "ResponseHeaders": {
        "Content-Type": [
          "application/json; charset=utf-8"
        ],
        "Cache-Control": [
          "private"
        ],
        "Date": [
          "Wed, 18 May 2016 23:25:53 GMT"
        ],
        "Transfer-Encoding": [
          "chunked"
        ],
        "ETag": [
          "78eedfdf-75a5-4a4f-bb6b-3ccfe9a4191b"
        ],
        "Server": [
          "Microsoft-IIS/8.5"
        ],
        "Vary": [
          "Accept-Encoding"
        ],
        "X-Content-Type-Options": [
          "nosniff"
        ],
        "Strict-Transport-Security": [
          "max-age=31536000; includeSubDomains"
        ],
        "x-ms-request-id": [
          "6f7e1d98-0696-4703-9e6d-1b2b9364fb22"
        ],
        "X-AspNet-Version": [
          "4.0.30319"
        ],
        "X-Powered-By": [
          "ASP.NET"
        ],
        "x-ms-ratelimit-remaining-subscription-writes": [
          "1180"
        ],
        "x-ms-correlation-request-id": [
          "fa57b9b9-b533-4f42-97ea-f9b900bd3eab"
        ],
        "x-ms-routing-request-id": [
          "NORTHEUROPE:20160518T232553Z:fa57b9b9-b533-4f42-97ea-f9b900bd3eab"
        ]
      },
      "StatusCode": 200
    },
    {
      "RequestUri": "/subscriptions/3cfb1b34-e5a9-4f98-bf9c-e4d69a6b170c/resourceGroups/hydratestdnsrg5981/providers/Microsoft.Network/dnszones/hydratestdnszone.com7933?api-version=2016-04-01",
      "EncodedRequestUri": "L3N1YnNjcmlwdGlvbnMvM2NmYjFiMzQtZTVhOS00Zjk4LWJmOWMtZTRkNjlhNmIxNzBjL3Jlc291cmNlR3JvdXBzL2h5ZHJhdGVzdGRuc3JnNTk4MS9wcm92aWRlcnMvTWljcm9zb2Z0Lk5ldHdvcmsvZG5zem9uZXMvaHlkcmF0ZXN0ZG5zem9uZS5jb203OTMzP2FwaS12ZXJzaW9uPTIwMTYtMDQtMDE=",
      "RequestMethod": "DELETE",
      "RequestBody": "",
      "RequestHeaders": {
        "x-ms-client-request-id": [
          "0b547b00-1827-4550-8c55-4cc0aa1506e4"
        ],
        "accept-language": [
          "en-US"
        ],
        "User-Agent": [
          "Microsoft.Azure.Management.Dns.DnsManagementClient/1.7.0.0"
        ]
      },
      "ResponseBody": "",
      "ResponseHeaders": {
        "Content-Length": [
          "0"
        ],
        "Cache-Control": [
          "private"
        ],
        "Date": [
          "Wed, 18 May 2016 23:25:56 GMT"
        ],
        "Location": [
          "https://api-dogfood.resources.windows-int.net/subscriptions/3cfb1b34-e5a9-4f98-bf9c-e4d69a6b170c/resourceGroups/hydratestdnsrg5981/providers/Microsoft.Network/dnsOperationResults/delzone635992107549924933ddf2b1d5?api-version=2016-04-01"
        ],
        "Server": [
          "Microsoft-IIS/8.5"
        ],
        "X-Content-Type-Options": [
          "nosniff"
        ],
        "Strict-Transport-Security": [
          "max-age=31536000; includeSubDomains"
        ],
        "Azure-AsyncOperation": [
          "https://api-dogfood.resources.windows-int.net:443/subscriptions/3cfb1b34-e5a9-4f98-bf9c-e4d69a6b170c/resourceGroups/hydratestdnsrg5981/providers/Microsoft.Network/dnsOperationStatuses/delzone635992107549924933ddf2b1d5?api-version=2016-04-01"
        ],
        "x-ms-request-id": [
          "0b547b00-1827-4550-8c55-4cc0aa1506e4"
        ],
        "X-AspNet-Version": [
          "4.0.30319"
        ],
        "X-Powered-By": [
          "ASP.NET"
        ],
        "x-ms-ratelimit-remaining-subscription-resource-requests": [
          "11988"
        ],
        "x-ms-correlation-request-id": [
          "c2fe37ff-0248-4a1b-9dd5-bf23094b22ec"
        ],
        "x-ms-routing-request-id": [
          "NORTHEUROPE:20160518T232556Z:c2fe37ff-0248-4a1b-9dd5-bf23094b22ec"
        ]
      },
      "StatusCode": 202
    },
    {
      "RequestUri": "/subscriptions/3cfb1b34-e5a9-4f98-bf9c-e4d69a6b170c/resourceGroups/hydratestdnsrg5981/providers/Microsoft.Network/dnsOperationStatuses/delzone635992107549924933ddf2b1d5?api-version=2016-04-01",
      "EncodedRequestUri": "L3N1YnNjcmlwdGlvbnMvM2NmYjFiMzQtZTVhOS00Zjk4LWJmOWMtZTRkNjlhNmIxNzBjL3Jlc291cmNlR3JvdXBzL2h5ZHJhdGVzdGRuc3JnNTk4MS9wcm92aWRlcnMvTWljcm9zb2Z0Lk5ldHdvcmsvZG5zT3BlcmF0aW9uU3RhdHVzZXMvZGVsem9uZTYzNTk5MjEwNzU0OTkyNDkzM2RkZjJiMWQ1P2FwaS12ZXJzaW9uPTIwMTYtMDQtMDE=",
      "RequestMethod": "GET",
      "RequestBody": "",
      "RequestHeaders": {
        "User-Agent": [
          "Microsoft.Azure.Management.Dns.DnsManagementClient/1.7.0.0"
        ]
      },
      "ResponseBody": "{\r\n  \"status\": \"Succeeded\"\r\n}",
      "ResponseHeaders": {
        "Content-Type": [
          "application/json; charset=utf-8"
        ],
        "Cache-Control": [
          "private"
        ],
        "Date": [
          "Wed, 18 May 2016 23:26:26 GMT"
        ],
        "Transfer-Encoding": [
          "chunked"
        ],
        "Server": [
          "Microsoft-IIS/8.5"
        ],
        "Vary": [
          "Accept-Encoding"
        ],
        "X-Content-Type-Options": [
          "nosniff"
        ],
        "Strict-Transport-Security": [
          "max-age=31536000; includeSubDomains"
        ],
        "x-ms-request-id": [
          "d0b6a68c-208a-4952-b01e-544425108493"
        ],
        "X-AspNet-Version": [
          "4.0.30319"
        ],
        "X-Powered-By": [
          "ASP.NET"
        ],
        "x-ms-ratelimit-remaining-subscription-resource-requests": [
          "11989"
        ],
        "x-ms-correlation-request-id": [
          "1850d3cd-ff76-4f3f-809b-00bd22208c52"
        ],
        "x-ms-routing-request-id": [
          "NORTHEUROPE:20160518T232626Z:1850d3cd-ff76-4f3f-809b-00bd22208c52"
        ]
      },
      "StatusCode": 200
    }
  ],
  "Names": {
    "SetupSingleRecordSetTest": [
      "hydratestdnszone.com7933",
      "hydratestdnsrec3530"
    ],
    "CreateResourceGroup": [
      "hydratestdnsrg5981"
    ]
  },
  "Variables": {
    "SubscriptionId": "3cfb1b34-e5a9-4f98-bf9c-e4d69a6b170c"
  }
}